// Jest Snapshot v1, https://goo.gl/fbAQLP

exports[`Table Actions Tests should render without scratch 1`] = `
ShallowWrapper {
  Symbol(enzyme.__root__): [Circular],
  Symbol(enzyme.__unrendered__): <Actions
    onDelete={[Function]}
    onEdit={[Function]}
  />,
  Symbol(enzyme.__renderer__): Object {
    "batchedUpdates": [Function],
    "getNode": [Function],
    "render": [Function],
    "simulateError": [Function],
    "simulateEvent": [Function],
    "unmount": [Function],
  },
  Symbol(enzyme.__node__): Object {
    "instance": null,
    "key": undefined,
    "nodeType": "class",
    "props": Object {
      "children": Array [
        <li>
          <Button
            block={false}
            ghost={false}
            icon="edit"
            loading={false}
            onClick={[Function]}
            prefixCls="ant-btn"
          />
        </li>,
        <li>
          <Popconfirm
            cancelText="No"
            icon={
              <Icon
                theme="filled"
                type="exclamation-circle"
              />
            }
            okText="Yes"
            okType="primary"
            onConfirm={[Function]}
            placement="top"
            prefixCls="ant-popover"
            title="Are you sure you want to delete it"
            transitionName="zoom-big"
            trigger="click"
          >
            <Button
              block={false}
              ghost={false}
              icon="delete"
              loading={false}
              prefixCls="ant-btn"
              type="danger"
            />
          </Popconfirm>
        </li>,
      ],
    },
    "ref": null,
    "rendered": Array [
      Object {
        "instance": null,
        "key": undefined,
        "nodeType": "host",
        "props": Object {
          "children": <Button
            block={false}
            ghost={false}
            icon="edit"
            loading={false}
            onClick={[Function]}
            prefixCls="ant-btn"
          />,
        },
        "ref": null,
        "rendered": Object {
          "instance": null,
          "key": undefined,
          "nodeType": "class",
          "props": Object {
            "block": false,
            "ghost": false,
            "icon": "edit",
            "loading": false,
            "onClick": [Function],
            "prefixCls": "ant-btn",
          },
          "ref": null,
          "rendered": null,
          "type": [Function],
        },
        "type": "li",
      },
      Object {
        "instance": null,
        "key": undefined,
        "nodeType": "host",
        "props": Object {
          "children": <Popconfirm
            cancelText="No"
            icon={
              <Icon
                theme="filled"
                type="exclamation-circle"
              />
            }
            okText="Yes"
            okType="primary"
            onConfirm={[Function]}
            placement="top"
            prefixCls="ant-popover"
            title="Are you sure you want to delete it"
            transitionName="zoom-big"
            trigger="click"
          >
            <Button
              block={false}
              ghost={false}
              icon="delete"
              loading={false}
              prefixCls="ant-btn"
              type="danger"
            />
          </Popconfirm>,
        },
        "ref": null,
        "rendered": Object {
          "instance": null,
          "key": undefined,
          "nodeType": "class",
          "props": Object {
            "cancelText": "No",
            "children": <Button
              block={false}
              ghost={false}
              icon="delete"
              loading={false}
              prefixCls="ant-btn"
              type="danger"
            />,
            "icon": <Icon
              theme="filled"
              type="exclamation-circle"
            />,
            "okText": "Yes",
            "okType": "primary",
            "onConfirm": [Function],
            "placement": "top",
            "prefixCls": "ant-popover",
            "title": "Are you sure you want to delete it",
            "transitionName": "zoom-big",
            "trigger": "click",
          },
          "ref": null,
          "rendered": Object {
            "instance": null,
            "key": undefined,
            "nodeType": "class",
            "props": Object {
              "block": false,
              "ghost": false,
              "icon": "delete",
              "loading": false,
              "prefixCls": "ant-btn",
              "type": "danger",
            },
            "ref": null,
            "rendered": null,
            "type": [Function],
          },
          "type": [Function],
        },
        "type": "li",
      },
    ],
    "type": [Function],
  },
  Symbol(enzyme.__nodes__): Array [
    Object {
      "instance": null,
      "key": undefined,
      "nodeType": "class",
      "props": Object {
        "children": Array [
          <li>
            <Button
              block={false}
              ghost={false}
              icon="edit"
              loading={false}
              onClick={[Function]}
              prefixCls="ant-btn"
            />
          </li>,
          <li>
            <Popconfirm
              cancelText="No"
              icon={
                <Icon
                  theme="filled"
                  type="exclamation-circle"
                />
              }
              okText="Yes"
              okType="primary"
              onConfirm={[Function]}
              placement="top"
              prefixCls="ant-popover"
              title="Are you sure you want to delete it"
              transitionName="zoom-big"
              trigger="click"
            >
              <Button
                block={false}
                ghost={false}
                icon="delete"
                loading={false}
                prefixCls="ant-btn"
                type="danger"
              />
            </Popconfirm>
          </li>,
        ],
      },
      "ref": null,
      "rendered": Array [
        Object {
          "instance": null,
          "key": undefined,
          "nodeType": "host",
          "props": Object {
            "children": <Button
              block={false}
              ghost={false}
              icon="edit"
              loading={false}
              onClick={[Function]}
              prefixCls="ant-btn"
            />,
          },
          "ref": null,
          "rendered": Object {
            "instance": null,
            "key": undefined,
            "nodeType": "class",
            "props": Object {
              "block": false,
              "ghost": false,
              "icon": "edit",
              "loading": false,
              "onClick": [Function],
              "prefixCls": "ant-btn",
            },
            "ref": null,
            "rendered": null,
            "type": [Function],
          },
          "type": "li",
        },
        Object {
          "instance": null,
          "key": undefined,
          "nodeType": "host",
          "props": Object {
            "children": <Popconfirm
              cancelText="No"
              icon={
                <Icon
                  theme="filled"
                  type="exclamation-circle"
                />
              }
              okText="Yes"
              okType="primary"
              onConfirm={[Function]}
              placement="top"
              prefixCls="ant-popover"
              title="Are you sure you want to delete it"
              transitionName="zoom-big"
              trigger="click"
            >
              <Button
                block={false}
                ghost={false}
                icon="delete"
                loading={false}
                prefixCls="ant-btn"
                type="danger"
              />
            </Popconfirm>,
          },
          "ref": null,
          "rendered": Object {
            "instance": null,
            "key": undefined,
            "nodeType": "class",
            "props": Object {
              "cancelText": "No",
              "children": <Button
                block={false}
                ghost={false}
                icon="delete"
                loading={false}
                prefixCls="ant-btn"
                type="danger"
              />,
              "icon": <Icon
                theme="filled"
                type="exclamation-circle"
              />,
              "okText": "Yes",
              "okType": "primary",
              "onConfirm": [Function],
              "placement": "top",
              "prefixCls": "ant-popover",
              "title": "Are you sure you want to delete it",
              "transitionName": "zoom-big",
              "trigger": "click",
            },
            "ref": null,
            "rendered": Object {
              "instance": null,
              "key": undefined,
              "nodeType": "class",
              "props": Object {
                "block": false,
                "ghost": false,
                "icon": "delete",
                "loading": false,
                "prefixCls": "ant-btn",
                "type": "danger",
              },
              "ref": null,
              "rendered": null,
              "type": [Function],
            },
            "type": [Function],
          },
          "type": "li",
        },
      ],
      "type": [Function],
    },
  ],
  Symbol(enzyme.__options__): Object {
    "adapter": ReactSixteenAdapter {
      "options": Object {
        "enableComponentDidUpdateOnSetState": true,
        "lifecycles": Object {
          "componentDidUpdate": Object {
            "onSetState": true,
          },
          "getDerivedStateFromProps": true,
          "getSnapshotBeforeUpdate": true,
          "setState": Object {
            "skipsComponentDidUpdateOnNullish": true,
          },
        },
      },
    },
  },
}
`;
